[   11152ms] [ERROR] Failed to load resource: the server responded with a status of 500 (Internal Server Error) @ http://localhost:3000/:0
[   11224ms] [INFO] %cDownload the React DevTools for a better development experience: https://react.dev/link/react-devtools font-weight:bold @ http://localhost:3000/_next/static/chunks/node_modules_next_dist_1ybzpk2._.js:2477
[   11273ms] [LOG] [HMR] connected @ http://localhost:3000/_next/static/chunks/node_modules_next_dist_1ybzpk2._.js:2477
[   11311ms] PrismaClientInitializationError: `PrismaClient` needs to be constructed with a non-empty, valid `PrismaClientOptions`:

```
new PrismaClient({
  ...
})
```

or

```
constructor() {
  super({ ... });
}
```
          
    at new t (about://React/Server/C:%5CUsers%5CAdmin%5CDesktop%5C3dmagza%5C.next%5Cdev%5Cserver%5Cchunks%5Cssr%5Csrc_generated_prisma_runtime_client_1tr8gr7.js?0:7885:27)
    at buildClient (about://React/Server/C:%5CUsers%5CAdmin%5CDesktop%5C3dmagza%5C.next%5Cdev%5Cserver%5Cchunks%5Cssr%5Csrc_201j0kv._.js?1:375:12)
    at getPrisma (about://React/Server/C:%5CUsers%5CAdmin%5CDesktop%5C3dmagza%5C.next%5Cdev%5Cserver%5Cchunks%5Cssr%5Csrc_201j0kv._.js?2:379:34)
    at Object.get (about://React/Server/C:%5CUsers%5CAdmin%5CDesktop%5C3dmagza%5C.next%5Cdev%5Cserver%5Cchunks%5Cssr%5Csrc_201j0kv._.js?3:385:16)
    at HomePage (about://React/Server/C:%5CUsers%5CAdmin%5CDesktop%5C3dmagza%5C.next%5Cdev%5Cserver%5Cchunks%5Cssr%5Csrc_201j0kv._.js?4:38:136)
    at resolveErrorDev (http://localhost:3000/_next/static/chunks/node_modules_next_dist_compiled_react-server-dom-turbopack_164kp-6._.js:1919:105)
    at processFullStringRow (http://localhost:3000/_next/static/chunks/node_modules_next_dist_compiled_react-server-dom-turbopack_164kp-6._.js:2434:29)
    at processFullBinaryRow (http://localhost:3000/_next/static/chunks/node_modules_next_dist_compiled_react-server-dom-turbopack_164kp-6._.js:2393:9)
    at processBinaryChunk (http://localhost:3000/_next/static/chunks/node_modules_next_dist_compiled_react-server-dom-turbopack_164kp-6._.js:2502:221)
    at progress (http://localhost:3000/_next/static/chunks/node_modules_next_dist_compiled_react-server-dom-turbopack_164kp-6._.js:2689:13)
